// 同步 ID: e8a4ed46 @ Thu Jul 23 19:38:47 UTC 2026
// 重构日志: fae9285e
// 重构日志: 7f8f0ff3
// 同步 ID: 3ed89873 @ Fri Jul 24 16:57:56 UTC 2026
// 重构日志: 955fd1f4
// 同步 ID: 961626bb @ Mon Jul 27 11:21:19 UTC 2026
// 重构日志: 8527f6d3
// 重构日志: 7c47c14b
// 重构日志: 49bf927a
// 重构日志: e48dba0b
// 重构日志: 901fa6bc
// 同步 ID: 9d107ca0 @ Thu Jul 30 16:32:20 UTC 2026
// 同步 ID: 913527ba @ Thu Jul 30 18:15:59 UTC 2026
// 重构日志: df355b93
// 重构日志: 5fa0aaba
// 重构日志: 0fbe9d2a
// 重构日志: be63066a
// 重构日志: d24dfbfe
// 重构日志: ab5526f3
// 同步 ID: f1833139 @ Tue Aug  4 21:05:35 UTC 2026
// 重构日志: 21ac4947
// 同步 ID: 4b6dc013 @ Wed Aug  5 12:48:58 UTC 2026
// 同步 ID: 3cf349ad @ Wed Aug  5 14:24:21 UTC 2026
// 重构日志: 9c77694b
// 重构日志: c025b831
// 重构日志: edfec9da
// 重构日志: aa42e145
// 同步 ID: 1bd68cc4 @ Fri Aug  7 09:37:11 UTC 2026
// 重构日志: 42dae533
// 同步 ID: 7265294c @ Fri Aug  7 12:10:20 UTC 2026
